0 verbose cli /usr/bin/node /usr/bin/npm
1 info using npm@9.2.0
2 info using node@v22.22.1
3 timing npm:load:whichnode Completed in 1ms
4 timing config:load:defaults Completed in 2ms
5 timing config:load:file:/usr/share/nodejs/npm/npmrc Completed in 9ms
6 timing config:load:builtin Completed in 9ms
7 timing config:load:cli Completed in 4ms
8 timing config:load:env Completed in 0ms
9 timing config:load:file:/root/backend/.npmrc Completed in 0ms
10 timing config:load:project Completed in 10ms
11 timing config:load:file:/root/.npmrc Completed in 0ms
12 timing config:load:user Completed in 0ms
13 timing config:load:file:/etc/npmrc Completed in 1ms
14 timing config:load:global Completed in 1ms
15 timing config:load:setEnvs Completed in 1ms
16 timing config:load Completed in 28ms
17 timing npm:load:configload Completed in 28ms
18 timing npm:load:mkdirpcache Completed in 0ms
19 timing npm:load:mkdirplogs Completed in 1ms
20 verbose title npm install express cors
21 verbose argv "install" "express" "cors"
22 timing npm:load:setTitle Completed in 0ms
23 timing config:load:flatten Completed in 3ms
24 timing npm:load:display Completed in 4ms
25 verbose logfile logs-max:10 dir:/root/.npm/_logs/2026-07-31T10_52_51_445Z-
26 verbose logfile /root/.npm/_logs/2026-07-31T10_52_51_445Z-debug-0.log
27 timing npm:load:logFile Completed in 11ms
28 timing npm:load:timers Completed in 0ms
29 timing npm:load:configScope Completed in 0ms
30 timing npm:load Completed in 45ms
31 timing config:load:flatten Completed in 1ms
32 timing arborist:ctor Completed in 1ms
33 silly logfile done cleaning log files
34 timing arborist:ctor Completed in 0ms
35 timing idealTree:init Completed in 16ms
36 timing idealTree:userRequests Completed in 5ms
37 silly idealTree buildDeps
38 silly fetch manifest express@*
39 http fetch GET 200 https://registry.npmjs.org/express 134ms (cache miss)
40 silly fetch manifest cors@*
41 http fetch GET 200 https://registry.npmjs.org/cors 29ms (cache miss)
42 silly placeDep ROOT cors@2.8.6 OK for: backend@1.0.0 want: *
43 silly placeDep ROOT express@5.2.1 OK for: backend@1.0.0 want: *
44 silly fetch manifest object-assign@^4
45 silly fetch manifest vary@^1
46 silly fetch manifest qs@^6.14.0
47 silly fetch manifest depd@^2.0.0
48 silly fetch manifest etag@^1.8.1
49 silly fetch manifest once@^1.4.0
50 silly fetch manifest send@^1.1.0
51 silly fetch manifest vary@^1.1.2
52 silly fetch manifest debug@^4.4.0
53 silly fetch manifest fresh@^2.0.0
54 silly fetch manifest cookie@^0.7.1
55 silly fetch manifest router@^2.2.0
56 silly fetch manifest accepts@^2.0.0
57 silly fetch manifest type-is@^2.0.1
58 silly fetch manifest parseurl@^1.3.3
59 silly fetch manifest statuses@^2.0.1
60 silly fetch manifest encodeurl@^2.0.0
61 silly fetch manifest mime-types@^3.0.0
62 silly fetch manifest proxy-addr@^2.0.7
63 silly fetch manifest body-parser@^2.2.1
64 silly fetch manifest escape-html@^1.0.3
65 silly fetch manifest http-errors@^2.0.0
66 silly fetch manifest on-finished@^2.4.1
67 silly fetch manifest content-type@^1.0.5
68 silly fetch manifest finalhandler@^2.1.0
69 silly fetch manifest range-parser@^1.2.1
70 silly fetch manifest serve-static@^2.2.0
71 silly fetch manifest cookie-signature@^1.2.1
72 silly fetch manifest merge-descriptors@^2.0.0
73 silly fetch manifest content-disposition@^1.0.0
74 http fetch GET 200 https://registry.npmjs.org/object-assign 67ms (cache miss)
75 http fetch GET 200 https://registry.npmjs.org/statuses 181ms (cache miss)
76 http fetch GET 200 https://registry.npmjs.org/once 192ms (cache miss)
77 http fetch GET 200 https://registry.npmjs.org/encodeurl 190ms (cache miss)
78 http fetch GET 200 https://registry.npmjs.org/depd 199ms (cache miss)
79 http fetch GET 200 https://registry.npmjs.org/etag 199ms (cache miss)
80 http fetch GET 200 https://registry.npmjs.org/vary 203ms (cache miss)
81 http fetch GET 200 https://registry.npmjs.org/escape-html 196ms (cache miss)
82 http fetch GET 200 https://registry.npmjs.org/vary 203ms (cache miss)
83 http fetch GET 200 https://registry.npmjs.org/parseurl 201ms (cache miss)
84 http fetch GET 200 https://registry.npmjs.org/fresh 205ms (cache miss)
85 http fetch GET 200 https://registry.npmjs.org/content-disposition 202ms (cache miss)
86 http fetch GET 200 https://registry.npmjs.org/content-type 205ms (cache miss)
87 http fetch GET 200 https://registry.npmjs.org/merge-descriptors 204ms (cache miss)
88 http fetch GET 200 https://registry.npmjs.org/on-finished 207ms (cache miss)
89 http fetch GET 200 https://registry.npmjs.org/range-parser 206ms (cache miss)
90 http fetch GET 200 https://registry.npmjs.org/cookie-signature 207ms (cache miss)
91 http fetch GET 200 https://registry.npmjs.org/accepts 213ms (cache miss)
92 http fetch GET 200 https://registry.npmjs.org/cookie 215ms (cache miss)
93 http fetch GET 200 https://registry.npmjs.org/type-is 215ms (cache miss)
94 http fetch GET 200 https://registry.npmjs.org/proxy-addr 214ms (cache miss)
95 http fetch GET 200 https://registry.npmjs.org/http-errors 214ms (cache miss)
96 http fetch GET 200 https://registry.npmjs.org/finalhandler 214ms (cache miss)
97 http fetch GET 200 https://registry.npmjs.org/send 223ms (cache miss)
98 http fetch GET 200 https://registry.npmjs.org/router 221ms (cache miss)
99 http fetch GET 200 https://registry.npmjs.org/serve-static 219ms (cache miss)
100 http fetch GET 200 https://registry.npmjs.org/body-parser 224ms (cache miss)
101 http fetch GET 200 https://registry.npmjs.org/mime-types 226ms (cache miss)
102 http fetch GET 200 https://registry.npmjs.org/debug 229ms (cache miss)
103 http fetch GET 200 https://registry.npmjs.org/qs 236ms (cache miss)
104 timing idealTree:#root Completed in 421ms
105 silly placeDep ROOT object-assign@4.1.1 OK for: cors@2.8.6 want: ^4
106 silly placeDep ROOT vary@1.1.2 OK for: cors@2.8.6 want: ^1
107 timing idealTree:node_modules/cors Completed in 5ms
108 silly placeDep ROOT accepts@2.0.0 OK for: express@5.2.1 want: ^2.0.0
109 silly placeDep ROOT body-parser@2.3.0 OK for: express@5.2.1 want: ^2.2.1
110 silly placeDep ROOT content-disposition@1.1.0 OK for: express@5.2.1 want: ^1.0.0
111 silly placeDep ROOT content-type@1.0.5 OK for: express@5.2.1 want: ^1.0.5
112 silly placeDep ROOT cookie@0.7.2 OK for: express@5.2.1 want: ^0.7.1
113 silly placeDep ROOT cookie-signature@1.2.2 OK for: express@5.2.1 want: ^1.2.1
114 silly placeDep ROOT debug@4.4.3 OK for: express@5.2.1 want: ^4.4.0
115 silly placeDep ROOT depd@2.0.0 OK for: express@5.2.1 want: ^2.0.0
116 silly placeDep ROOT encodeurl@2.0.0 OK for: express@5.2.1 want: ^2.0.0
117 silly placeDep ROOT escape-html@1.0.3 OK for: express@5.2.1 want: ^1.0.3
118 silly placeDep ROOT etag@1.8.1 OK for: express@5.2.1 want: ^1.8.1
119 silly placeDep ROOT finalhandler@2.1.1 OK for: express@5.2.1 want: ^2.1.0
120 silly placeDep ROOT fresh@2.0.0 OK for: express@5.2.1 want: ^2.0.0
121 silly placeDep ROOT http-errors@2.0.1 OK for: express@5.2.1 want: ^2.0.0
122 silly placeDep ROOT merge-descriptors@2.0.0 OK for: express@5.2.1 want: ^2.0.0
123 silly placeDep ROOT mime-types@3.0.2 OK for: express@5.2.1 want: ^3.0.0
124 silly placeDep ROOT on-finished@2.4.1 OK for: express@5.2.1 want: ^2.4.1
125 silly placeDep ROOT once@1.4.0 OK for: express@5.2.1 want: ^1.4.0
126 silly placeDep ROOT parseurl@1.3.3 OK for: express@5.2.1 want: ^1.3.3
127 silly placeDep ROOT proxy-addr@2.0.7 OK for: express@5.2.1 want: ^2.0.7
128 silly placeDep ROOT qs@6.15.3 OK for: express@5.2.1 want: ^6.14.0
129 silly placeDep ROOT range-parser@1.3.0 OK for: express@5.2.1 want: ^1.2.1
130 silly placeDep ROOT router@2.2.0 OK for: express@5.2.1 want: ^2.2.0
131 silly placeDep ROOT send@1.2.1 OK for: express@5.2.1 want: ^1.1.0
132 silly placeDep ROOT serve-static@2.2.1 OK for: express@5.2.1 want: ^2.2.0
133 silly placeDep ROOT statuses@2.0.2 OK for: express@5.2.1 want: ^2.0.1
134 silly placeDep ROOT type-is@2.1.0 OK for: express@5.2.1 want: ^2.0.1
135 silly fetch manifest negotiator@^1.0.0
136 silly fetch manifest bytes@^3.1.2
137 silly fetch manifest raw-body@^3.0.2
138 silly fetch manifest iconv-lite@^0.7.2
139 silly fetch manifest content-type@^2.0.0
140 silly fetch manifest ms@^2.1.3
141 silly fetch manifest inherits@~2.0.4
142 silly fetch manifest setprototypeof@~1.2.0
143 silly fetch manifest toidentifier@~1.0.1
144 silly fetch manifest mime-db@^1.54.0
145 silly fetch manifest ee-first@1.1.1
146 silly fetch manifest wrappy@1
147 silly fetch manifest forwarded@0.2.0
148 silly fetch manifest ipaddr.js@1.9.1
149 silly fetch manifest side-channel@^1.1.1
150 silly fetch manifest es-define-property@^1.0.1
151 silly fetch manifest is-promise@^4.0.0
152 silly fetch manifest path-to-regexp@^8.0.0
153 silly fetch manifest media-typer@^1.1.0
154 http fetch GET 200 https://registry.npmjs.org/wrappy 74ms (cache miss)
155 http fetch GET 200 https://registry.npmjs.org/setprototypeof 78ms (cache miss)
156 http fetch GET 200 https://registry.npmjs.org/inherits 78ms (cache miss)
157 http fetch GET 200 https://registry.npmjs.org/es-define-property 75ms (cache miss)
158 http fetch GET 200 https://registry.npmjs.org/bytes 82ms (cache miss)
159 http fetch GET 200 https://registry.npmjs.org/forwarded 77ms (cache miss)
160 http fetch GET 200 https://registry.npmjs.org/ee-first 79ms (cache miss)
161 http fetch GET 200 https://registry.npmjs.org/toidentifier 81ms (cache miss)
162 http fetch GET 200 https://registry.npmjs.org/media-typer 77ms (cache miss)
163 http fetch GET 200 https://registry.npmjs.org/side-channel 80ms (cache miss)
164 http fetch GET 200 https://registry.npmjs.org/is-promise 80ms (cache miss)
165 http fetch GET 200 https://registry.npmjs.org/negotiator 88ms (cache miss)
166 http fetch GET 200 https://registry.npmjs.org/ipaddr.js 83ms (cache miss)
167 http fetch GET 200 https://registry.npmjs.org/mime-db 85ms (cache miss)
168 http fetch GET 200 https://registry.npmjs.org/ms 87ms (cache miss)
169 http fetch GET 200 https://registry.npmjs.org/iconv-lite 90ms (cache miss)
170 http fetch GET 200 https://registry.npmjs.org/raw-body 92ms (cache miss)
171 http fetch GET 200 https://registry.npmjs.org/path-to-regexp 87ms (cache miss)
172 timing idealTree:node_modules/express Completed in 151ms
173 silly placeDep ROOT negotiator@1.0.0 OK for: accepts@2.0.0 want: ^1.0.0
174 timing idealTree:node_modules/accepts Completed in 1ms
175 silly placeDep ROOT bytes@3.1.2 OK for: body-parser@2.3.0 want: ^3.1.2
176 silly placeDep node_modules/body-parser content-type@2.0.0 OK for: body-parser@2.3.0 want: ^2.0.0
177 silly placeDep ROOT iconv-lite@0.7.3 OK for: body-parser@2.3.0 want: ^0.7.2
178 silly placeDep ROOT raw-body@3.0.2 OK for: body-parser@2.3.0 want: ^3.0.2
179 silly fetch manifest safer-buffer@>= 2.1.2 < 3.0.0
180 silly fetch manifest unpipe@~1.0.0
181 http fetch GET 200 https://registry.npmjs.org/unpipe 17ms (cache miss)
182 http fetch GET 200 https://registry.npmjs.org/safer-buffer 19ms (cache miss)
183 timing idealTree:node_modules/body-parser Completed in 29ms
184 timing idealTree:node_modules/bytes Completed in 0ms
185 timing idealTree:node_modules/content-disposition Completed in 0ms
186 timing idealTree:node_modules/content-type Completed in 0ms
187 timing idealTree:node_modules/cookie Completed in 0ms
188 timing idealTree:node_modules/cookie-signature Completed in 0ms
189 silly placeDep ROOT ms@2.1.3 OK for: debug@4.4.3 want: ^2.1.3
190 timing idealTree:node_modules/debug Completed in 1ms
191 timing idealTree:node_modules/depd Completed in 0ms
192 timing idealTree:node_modules/encodeurl Completed in 0ms
193 timing idealTree:node_modules/escape-html Completed in 0ms
194 timing idealTree:node_modules/etag Completed in 0ms
195 timing idealTree:node_modules/finalhandler Completed in 0ms
196 timing idealTree:node_modules/fresh Completed in 0ms
197 silly placeDep ROOT inherits@2.0.4 OK for: http-errors@2.0.1 want: ~2.0.4
198 silly placeDep ROOT setprototypeof@1.2.0 OK for: http-errors@2.0.1 want: ~1.2.0
199 silly placeDep ROOT toidentifier@1.0.1 OK for: http-errors@2.0.1 want: ~1.0.1
200 timing idealTree:node_modules/http-errors Completed in 4ms
201 silly placeDep ROOT safer-buffer@2.1.2 OK for: iconv-lite@0.7.3 want: >= 2.1.2 < 3.0.0
202 timing idealTree:node_modules/iconv-lite Completed in 1ms
203 timing idealTree:node_modules/inherits Completed in 0ms
204 timing idealTree:node_modules/merge-descriptors Completed in 0ms
205 silly placeDep ROOT mime-db@1.54.0 OK for: mime-types@3.0.2 want: ^1.54.0
206 timing idealTree:node_modules/mime-types Completed in 1ms
207 timing idealTree:node_modules/mime-db Completed in 0ms
208 timing idealTree:node_modules/ms Completed in 0ms
209 timing idealTree:node_modules/negotiator Completed in 0ms
210 timing idealTree:node_modules/object-assign Completed in 0ms
211 silly placeDep ROOT ee-first@1.1.1 OK for: on-finished@2.4.1 want: 1.1.1
212 timing idealTree:node_modules/on-finished Completed in 3ms
213 timing idealTree:node_modules/ee-first Completed in 0ms
214 silly placeDep ROOT wrappy@1.0.2 OK for: once@1.4.0 want: 1
215 timing idealTree:node_modules/once Completed in 2ms
216 timing idealTree:node_modules/parseurl Completed in 0ms
217 silly placeDep ROOT forwarded@0.2.0 OK for: proxy-addr@2.0.7 want: 0.2.0
218 silly placeDep ROOT ipaddr.js@1.9.1 OK for: proxy-addr@2.0.7 want: 1.9.1
219 timing idealTree:node_modules/proxy-addr Completed in 3ms
220 timing idealTree:node_modules/forwarded Completed in 0ms
221 timing idealTree:node_modules/ipaddr.js Completed in 0ms
222 silly placeDep ROOT es-define-property@1.0.1 OK for: qs@6.15.3 want: ^1.0.1
223 silly placeDep ROOT side-channel@1.1.1 OK for: qs@6.15.3 want: ^1.1.1
224 silly fetch manifest es-errors@^1.3.0
225 silly fetch manifest object-inspect@^1.13.4
226 silly fetch manifest side-channel-list@^1.0.1
227 silly fetch manifest side-channel-map@^1.0.1
228 silly fetch manifest side-channel-weakmap@^1.0.2
229 http fetch GET 200 https://registry.npmjs.org/side-channel-list 24ms (cache miss)
230 http fetch GET 200 https://registry.npmjs.org/side-channel-weakmap 25ms (cache miss)
231 http fetch GET 200 https://registry.npmjs.org/object-inspect 25ms (cache miss)
232 http fetch GET 200 https://registry.npmjs.org/side-channel-map 26ms (cache miss)
233 http fetch GET 200 https://registry.npmjs.org/es-errors 30ms (cache miss)
234 timing idealTree:node_modules/qs Completed in 35ms
235 timing idealTree:node_modules/es-define-property Completed in 0ms
236 timing idealTree:node_modules/range-parser Completed in 0ms
237 silly placeDep ROOT unpipe@1.0.0 OK for: raw-body@3.0.2 want: ~1.0.0
238 timing idealTree:node_modules/raw-body Completed in 1ms
239 silly placeDep ROOT is-promise@4.0.0 OK for: router@2.2.0 want: ^4.0.0
240 silly placeDep ROOT path-to-regexp@8.4.2 OK for: router@2.2.0 want: ^8.0.0
241 timing idealTree:node_modules/router Completed in 3ms
242 timing idealTree:node_modules/is-promise Completed in 0ms
243 timing idealTree:node_modules/path-to-regexp Completed in 0ms
244 timing idealTree:node_modules/safer-buffer Completed in 0ms
245 timing idealTree:node_modules/send Completed in 0ms
246 timing idealTree:node_modules/serve-static Completed in 0ms
247 timing idealTree:node_modules/setprototypeof Completed in 0ms
248 silly placeDep ROOT es-errors@1.3.0 OK for: side-channel@1.1.1 want: ^1.3.0
249 silly placeDep ROOT object-inspect@1.13.4 OK for: side-channel@1.1.1 want: ^1.13.4
250 silly placeDep ROOT side-channel-list@1.0.1 OK for: side-channel@1.1.1 want: ^1.0.1
251 silly placeDep ROOT side-channel-map@1.0.1 OK for: side-channel@1.1.1 want: ^1.0.1
252 silly placeDep ROOT side-channel-weakmap@1.0.2 OK for: side-channel@1.1.1 want: ^1.0.2
253 silly fetch manifest call-bound@^1.0.2
254 silly fetch manifest get-intrinsic@^1.2.5
255 http fetch GET 200 https://registry.npmjs.org/call-bound 16ms (cache miss)
256 http fetch GET 200 https://registry.npmjs.org/get-intrinsic 20ms (cache miss)
257 timing idealTree:node_modules/side-channel Completed in 30ms
258 timing idealTree:node_modules/es-errors Completed in 0ms
259 timing idealTree:node_modules/object-inspect Completed in 0ms
260 timing idealTree:node_modules/side-channel-list Completed in 0ms
261 silly placeDep ROOT call-bound@1.0.4 OK for: side-channel-map@1.0.1 want: ^1.0.2
262 silly placeDep ROOT get-intrinsic@1.3.0 OK for: side-channel-map@1.0.1 want: ^1.2.5
263 silly fetch manifest call-bind-apply-helpers@^1.0.2
264 silly fetch manifest gopd@^1.2.0
265 silly fetch manifest hasown@^2.0.2
266 silly fetch manifest get-proto@^1.0.1
267 silly fetch manifest has-symbols@^1.1.0
268 silly fetch manifest function-bind@^1.1.2
269 silly fetch manifest es-object-atoms@^1.1.1
270 silly fetch manifest math-intrinsics@^1.1.0
271 http fetch GET 200 https://registry.npmjs.org/es-object-atoms 34ms (cache miss)
272 http fetch GET 200 https://registry.npmjs.org/get-proto 36ms (cache miss)
273 http fetch GET 200 https://registry.npmjs.org/gopd 37ms (cache miss)
274 http fetch GET 200 https://registry.npmjs.org/call-bind-apply-helpers 39ms (cache miss)
275 http fetch GET 200 https://registry.npmjs.org/has-symbols 41ms (cache miss)
276 http fetch GET 200 https://registry.npmjs.org/math-intrinsics 41ms (cache miss)
277 http fetch GET 200 https://registry.npmjs.org/hasown 42ms (cache miss)
278 http fetch GET 200 https://registry.npmjs.org/function-bind 52ms (cache miss)
279 timing idealTree:node_modules/side-channel-map Completed in 58ms
280 silly placeDep ROOT call-bind-apply-helpers@1.0.2 OK for: call-bound@1.0.4 want: ^1.0.2
281 timing idealTree:node_modules/call-bound Completed in 3ms
282 silly placeDep ROOT function-bind@1.1.2 OK for: call-bind-apply-helpers@1.0.2 want: ^1.1.2
283 timing idealTree:node_modules/call-bind-apply-helpers Completed in 2ms
284 timing idealTree:node_modules/function-bind Completed in 0ms
285 silly placeDep ROOT es-object-atoms@1.1.2 OK for: get-intrinsic@1.3.0 want: ^1.1.1
286 silly placeDep ROOT get-proto@1.0.1 OK for: get-intrinsic@1.3.0 want: ^1.0.1
287 silly placeDep ROOT gopd@1.2.0 OK for: get-intrinsic@1.3.0 want: ^1.2.0
288 silly placeDep ROOT has-symbols@1.1.0 OK for: get-intrinsic@1.3.0 want: ^1.1.0
289 silly placeDep ROOT hasown@2.0.4 OK for: get-intrinsic@1.3.0 want: ^2.0.2
290 silly placeDep ROOT math-intrinsics@1.1.0 OK for: get-intrinsic@1.3.0 want: ^1.1.0
291 silly fetch manifest dunder-proto@^1.0.1
292 http fetch GET 200 https://registry.npmjs.org/dunder-proto 20ms (cache miss)
293 timing idealTree:node_modules/get-intrinsic Completed in 35ms
294 timing idealTree:node_modules/es-object-atoms Completed in 0ms
295 silly placeDep ROOT dunder-proto@1.0.1 OK for: get-proto@1.0.1 want: ^1.0.1
296 timing idealTree:node_modules/get-proto Completed in 2ms
297 timing idealTree:node_modules/dunder-proto Completed in 0ms
298 timing idealTree:node_modules/gopd Completed in 0ms
299 timing idealTree:node_modules/has-symbols Completed in 0ms
300 timing idealTree:node_modules/hasown Completed in 0ms
301 timing idealTree:node_modules/math-intrinsics Completed in 0ms
302 timing idealTree:node_modules/side-channel-weakmap Completed in 0ms
303 timing idealTree:node_modules/statuses Completed in 0ms
304 timing idealTree:node_modules/toidentifier Completed in 0ms
305 silly placeDep node_modules/type-is content-type@2.0.0 OK for: type-is@2.1.0 want: ^2.0.0
306 silly placeDep ROOT media-typer@1.1.1 OK for: type-is@2.1.0 want: ^1.1.0
307 timing idealTree:node_modules/type-is Completed in 3ms
308 timing idealTree:node_modules/media-typer Completed in 0ms
309 timing idealTree:node_modules/unpipe Completed in 0ms
310 timing idealTree:node_modules/vary Completed in 0ms
311 timing idealTree:node_modules/wrappy Completed in 0ms
312 timing idealTree:node_modules/body-parser/node_modules/content-type Completed in 0ms
313 timing idealTree:node_modules/type-is/node_modules/content-type Completed in 0ms
314 timing idealTree:buildDeps Completed in 802ms
315 timing idealTree:fixDepFlags Completed in 1ms
316 timing idealTree Completed in 827ms
317 timing reify:loadTrees Completed in 829ms
318 timing reify:diffTrees Completed in 3ms
319 silly reify moves {}
320 timing reify:retireShallow Completed in 2ms
321 timing reify:createSparse Completed in 10ms
322 timing reify:loadBundles Completed in 0ms
323 silly audit bulk request {
323 silly audit   cors: [ '2.8.6' ],
323 silly audit   express: [ '5.2.1' ],
323 silly audit   'object-assign': [ '4.1.1' ],
323 silly audit   vary: [ '1.1.2' ],
323 silly audit   accepts: [ '2.0.0' ],
323 silly audit   'body-parser': [ '2.3.0' ],
323 silly audit   'content-disposition': [ '1.1.0' ],
323 silly audit   'content-type': [ '1.0.5', '2.0.0' ],
323 silly audit   cookie: [ '0.7.2' ],
323 silly audit   'cookie-signature': [ '1.2.2' ],
323 silly audit   debug: [ '4.4.3' ],
323 silly audit   depd: [ '2.0.0' ],
323 silly audit   encodeurl: [ '2.0.0' ],
323 silly audit   'escape-html': [ '1.0.3' ],
323 silly audit   etag: [ '1.8.1' ],
323 silly audit   finalhandler: [ '2.1.1' ],
323 silly audit   fresh: [ '2.0.0' ],
323 silly audit   'http-errors': [ '2.0.1' ],
323 silly audit   'merge-descriptors': [ '2.0.0' ],
323 silly audit   'mime-types': [ '3.0.2' ],
323 silly audit   'on-finished': [ '2.4.1' ],
323 silly audit   once: [ '1.4.0' ],
323 silly audit   parseurl: [ '1.3.3' ],
323 silly audit   'proxy-addr': [ '2.0.7' ],
323 silly audit   qs: [ '6.15.3' ],
323 silly audit   'range-parser': [ '1.3.0' ],
323 silly audit   router: [ '2.2.0' ],
323 silly audit   send: [ '1.2.1' ],
323 silly audit   'serve-static': [ '2.2.1' ],
323 silly audit   statuses: [ '2.0.2' ],
323 silly audit   'type-is': [ '2.1.0' ],
323 silly audit   negotiator: [ '1.0.0' ],
323 silly audit   bytes: [ '3.1.2' ],
323 silly audit   'iconv-lite': [ '0.7.3' ],
323 silly audit   'raw-body': [ '3.0.2' ],
323 silly audit   ms: [ '2.1.3' ],
323 silly audit   inherits: [ '2.0.4' ],
323 silly audit   setprototypeof: [ '1.2.0' ],
323 silly audit   toidentifier: [ '1.0.1' ],
323 silly audit   'safer-buffer': [ '2.1.2' ],
323 silly audit   'mime-db': [ '1.54.0' ],
323 silly audit   'ee-first': [ '1.1.1' ],
323 silly audit   wrappy: [ '1.0.2' ],
323 silly audit   forwarded: [ '0.2.0' ],
323 silly audit   'ipaddr.js': [ '1.9.1' ],
323 silly audit   'es-define-property': [ '1.0.1' ],
323 silly audit   'side-channel': [ '1.1.1' ],
323 silly audit   unpipe: [ '1.0.0' ],
323 silly audit   'is-promise': [ '4.0.0' ],
323 silly audit   'path-to-regexp': [ '8.4.2' ],
323 silly audit   'es-errors': [ '1.3.0' ],
323 silly audit   'object-inspect': [ '1.13.4' ],
323 silly audit   'side-channel-list': [ '1.0.1' ],
323 silly audit   'side-channel-map': [ '1.0.1' ],
323 silly audit   'side-channel-weakmap': [ '1.0.2' ],
323 silly audit   'call-bound': [ '1.0.4' ],
323 silly audit   'get-intrinsic': [ '1.3.0' ],
323 silly audit   'call-bind-apply-helpers': [ '1.0.2' ],
323 silly audit   'function-bind': [ '1.1.2' ],
323 silly audit   'es-object-atoms': [ '1.1.2' ],
323 silly audit   'get-proto': [ '1.0.1' ],
323 silly audit   gopd: [ '1.2.0' ],
323 silly audit   'has-symbols': [ '1.1.0' ],
323 silly audit   hasown: [ '2.0.4' ],
323 silly audit   'math-intrinsics': [ '1.1.0' ],
323 silly audit   'dunder-proto': [ '1.0.1' ],
323 silly audit   'media-typer': [ '1.1.1' ]
323 silly audit }
324 silly tarball no local data for media-typer@https://registry.npmjs.org/media-typer/-/media-typer-1.1.1.tgz. Extracting by manifest.
325 silly tarball no local data for dunder-proto@https://registry.npmjs.org/dunder-proto/-/dunder-proto-1.0.1.tgz. Extracting by manifest.
326 silly tarball no local data for math-intrinsics@https://registry.npmjs.org/math-intrinsics/-/math-intrinsics-1.1.0.tgz. Extracting by manifest.
327 silly tarball no local data for hasown@https://registry.npmjs.org/hasown/-/hasown-2.0.4.tgz. Extracting by manifest.
328 silly tarball no local data for has-symbols@https://registry.npmjs.org/has-symbols/-/has-symbols-1.1.0.tgz. Extracting by manifest.
329 silly tarball no local data for gopd@https://registry.npmjs.org/gopd/-/gopd-1.2.0.tgz. Extracting by manifest.
330 silly tarball no local data for function-bind@https://registry.npmjs.org/function-bind/-/function-bind-1.1.2.tgz. Extracting by manifest.
331 silly tarball no local data for get-proto@https://registry.npmjs.org/get-proto/-/get-proto-1.0.1.tgz. Extracting by manifest.
332 silly tarball no local data for es-object-atoms@https://registry.npmjs.org/es-object-atoms/-/es-object-atoms-1.1.2.tgz. Extracting by manifest.
333 silly tarball no local data for call-bind-apply-helpers@https://registry.npmjs.org/call-bind-apply-helpers/-/call-bind-apply-helpers-1.0.2.tgz. Extracting by manifest.
334 silly tarball no local data for get-intrinsic@https://registry.npmjs.org/get-intrinsic/-/get-intrinsic-1.3.0.tgz. Extracting by manifest.
335 silly tarball no local data for call-bound@https://registry.npmjs.org/call-bound/-/call-bound-1.0.4.tgz. Extracting by manifest.
336 silly tarball no local data for side-channel-weakmap@https://registry.npmjs.org/side-channel-weakmap/-/side-channel-weakmap-1.0.2.tgz. Extracting by manifest.
337 silly tarball no local data for side-channel-map@https://registry.npmjs.org/side-channel-map/-/side-channel-map-1.0.1.tgz. Extracting by manifest.
338 silly tarball no local data for side-channel-list@https://registry.npmjs.org/side-channel-list/-/side-channel-list-1.0.1.tgz. Extracting by manifest.
339 silly tarball no local data for object-inspect@https://registry.npmjs.org/object-inspect/-/object-inspect-1.13.4.tgz. Extracting by manifest.
340 silly tarball no local data for es-errors@https://registry.npmjs.org/es-errors/-/es-errors-1.3.0.tgz. Extracting by manifest.
341 silly tarball no local data for path-to-regexp@https://registry.npmjs.org/path-to-regexp/-/path-to-regexp-8.4.2.tgz. Extracting by manifest.
342 silly tarball no local data for is-promise@https://registry.npmjs.org/is-promise/-/is-promise-4.0.0.tgz. Extracting by manifest.
343 silly tarball no local data for unpipe@https://registry.npmjs.org/unpipe/-/unpipe-1.0.0.tgz. Extracting by manifest.
344 silly tarball no local data for side-channel@https://registry.npmjs.org/side-channel/-/side-channel-1.1.1.tgz. Extracting by manifest.
345 silly tarball no local data for es-define-property@https://registry.npmjs.org/es-define-property/-/es-define-property-1.0.1.tgz. Extracting by manifest.
346 silly tarball no local data for ipaddr.js@https://registry.npmjs.org/ipaddr.js/-/ipaddr.js-1.9.1.tgz. Extracting by manifest.
347 silly tarball no local data for forwarded@https://registry.npmjs.org/forwarded/-/forwarded-0.2.0.tgz. Extracting by manifest.
348 silly tarball no local data for wrappy@https://registry.npmjs.org/wrappy/-/wrappy-1.0.2.tgz. Extracting by manifest.
349 silly tarball no local data for ee-first@https://registry.npmjs.org/ee-first/-/ee-first-1.1.1.tgz. Extracting by manifest.
350 silly tarball no local data for mime-db@https://registry.npmjs.org/mime-db/-/mime-db-1.54.0.tgz. Extracting by manifest.
351 silly tarball no local data for safer-buffer@https://registry.npmjs.org/safer-buffer/-/safer-buffer-2.1.2.tgz. Extracting by manifest.
352 silly tarball no local data for toidentifier@https://registry.npmjs.org/toidentifier/-/toidentifier-1.0.1.tgz. Extracting by manifest.
353 silly tarball no local data for setprototypeof@https://registry.npmjs.org/setprototypeof/-/setprototypeof-1.2.0.tgz. Extracting by manifest.
354 silly tarball no local data for inherits@https://registry.npmjs.org/inherits/-/inherits-2.0.4.tgz. Extracting by manifest.
355 silly tarball no local data for ms@https://registry.npmjs.org/ms/-/ms-2.1.3.tgz. Extracting by manifest.
356 silly tarball no local data for raw-body@https://registry.npmjs.org/raw-body/-/raw-body-3.0.2.tgz. Extracting by manifest.
357 silly tarball no local data for iconv-lite@https://registry.npmjs.org/iconv-lite/-/iconv-lite-0.7.3.tgz. Extracting by manifest.
358 silly tarball no local data for bytes@https://registry.npmjs.org/bytes/-/bytes-3.1.2.tgz. Extracting by manifest.
359 silly tarball no local data for negotiator@https://registry.npmjs.org/negotiator/-/negotiator-1.0.0.tgz. Extracting by manifest.
360 silly tarball no local data for type-is@https://registry.npmjs.org/type-is/-/type-is-2.1.0.tgz. Extracting by manifest.
361 silly tarball no local data for statuses@https://registry.npmjs.org/statuses/-/statuses-2.0.2.tgz. Extracting by manifest.
362 silly tarball no local data for serve-static@https://registry.npmjs.org/serve-static/-/serve-static-2.2.1.tgz. Extracting by manifest.
363 silly tarball no local data for send@https://registry.npmjs.org/send/-/send-1.2.1.tgz. Extracting by manifest.
364 silly tarball no local data for router@https://registry.npmjs.org/router/-/router-2.2.0.tgz. Extracting by manifest.
365 silly tarball no local data for range-parser@https://registry.npmjs.org/range-parser/-/range-parser-1.3.0.tgz. Extracting by manifest.
366 silly tarball no local data for qs@https://registry.npmjs.org/qs/-/qs-6.15.3.tgz. Extracting by manifest.
367 silly tarball no local data for proxy-addr@https://registry.npmjs.org/proxy-addr/-/proxy-addr-2.0.7.tgz. Extracting by manifest.
368 silly tarball no local data for parseurl@https://registry.npmjs.org/parseurl/-/parseurl-1.3.3.tgz. Extracting by manifest.
369 silly tarball no local data for once@https://registry.npmjs.org/once/-/once-1.4.0.tgz. Extracting by manifest.
370 silly tarball no local data for on-finished@https://registry.npmjs.org/on-finished/-/on-finished-2.4.1.tgz. Extracting by manifest.
371 silly tarball no local data for mime-types@https://registry.npmjs.org/mime-types/-/mime-types-3.0.2.tgz. Extracting by manifest.
372 silly tarball no local data for merge-descriptors@https://registry.npmjs.org/merge-descriptors/-/merge-descriptors-2.0.0.tgz. Extracting by manifest.
373 silly tarball no local data for http-errors@https://registry.npmjs.org/http-errors/-/http-errors-2.0.1.tgz. Extracting by manifest.
374 silly tarball no local data for fresh@https://registry.npmjs.org/fresh/-/fresh-2.0.0.tgz. Extracting by manifest.
375 silly tarball no local data for finalhandler@https://registry.npmjs.org/finalhandler/-/finalhandler-2.1.1.tgz. Extracting by manifest.
376 silly tarball no local data for etag@https://registry.npmjs.org/etag/-/etag-1.8.1.tgz. Extracting by manifest.
377 silly tarball no local data for escape-html@https://registry.npmjs.org/escape-html/-/escape-html-1.0.3.tgz. Extracting by manifest.
378 silly tarball no local data for encodeurl@https://registry.npmjs.org/encodeurl/-/encodeurl-2.0.0.tgz. Extracting by manifest.
379 silly tarball no local data for depd@https://registry.npmjs.org/depd/-/depd-2.0.0.tgz. Extracting by manifest.
380 silly tarball no local data for debug@https://registry.npmjs.org/debug/-/debug-4.4.3.tgz. Extracting by manifest.
381 silly tarball no local data for cookie-signature@https://registry.npmjs.org/cookie-signature/-/cookie-signature-1.2.2.tgz. Extracting by manifest.
382 silly tarball no local data for cookie@https://registry.npmjs.org/cookie/-/cookie-0.7.2.tgz. Extracting by manifest.
383 silly tarball no local data for content-type@https://registry.npmjs.org/content-type/-/content-type-1.0.5.tgz. Extracting by manifest.
384 silly tarball no local data for content-disposition@https://registry.npmjs.org/content-disposition/-/content-disposition-1.1.0.tgz. Extracting by manifest.
385 silly tarball no local data for body-parser@https://registry.npmjs.org/body-parser/-/body-parser-2.3.0.tgz. Extracting by manifest.
386 silly tarball no local data for accepts@https://registry.npmjs.org/accepts/-/accepts-2.0.0.tgz. Extracting by manifest.
387 silly tarball no local data for vary@https://registry.npmjs.org/vary/-/vary-1.1.2.tgz. Extracting by manifest.
388 silly tarball no local data for object-assign@https://registry.npmjs.org/object-assign/-/object-assign-4.1.1.tgz. Extracting by manifest.
389 silly tarball no local data for express@https://registry.npmjs.org/express/-/express-5.2.1.tgz. Extracting by manifest.
390 silly tarball no local data for cors@https://registry.npmjs.org/cors/-/cors-2.8.6.tgz. Extracting by manifest.
391 silly tarball no local data for content-type@https://registry.npmjs.org/content-type/-/content-type-2.0.0.tgz. Extracting by manifest.
392 silly tarball no local data for content-type@https://registry.npmjs.org/content-type/-/content-type-2.0.0.tgz. Extracting by manifest.
393 http fetch POST 200 https://registry.npmjs.org/-/npm/v1/security/advisories/bulk 258ms
394 timing auditReport:getReport Completed in 263ms
395 silly audit report {}
396 timing auditReport:init Completed in 0ms
397 timing reify:audit Completed in 264ms
398 http fetch GET 200 https://registry.npmjs.org/toidentifier/-/toidentifier-1.0.1.tgz 450ms (cache miss)
399 timing reifyNode:node_modules/toidentifier Completed in 506ms
400 http fetch GET 200 https://registry.npmjs.org/media-typer/-/media-typer-1.1.1.tgz 478ms (cache miss)
401 timing reifyNode:node_modules/media-typer Completed in 522ms
402 http fetch GET 200 https://registry.npmjs.org/once/-/once-1.4.0.tgz 468ms (cache miss)
403 timing reifyNode:node_modules/once Completed in 533ms
404 http fetch GET 200 https://registry.npmjs.org/gopd/-/gopd-1.2.0.tgz 505ms (cache miss)
405 http fetch GET 200 https://registry.npmjs.org/is-promise/-/is-promise-4.0.0.tgz 501ms (cache miss)
406 timing reifyNode:node_modules/is-promise Completed in 553ms
407 http fetch GET 200 https://registry.npmjs.org/es-define-property/-/es-define-property-1.0.1.tgz 501ms (cache miss)
408 http fetch GET 200 https://registry.npmjs.org/inherits/-/inherits-2.0.4.tgz 494ms (cache miss)
409 timing reifyNode:node_modules/inherits Completed in 553ms
410 http fetch GET 200 https://registry.npmjs.org/ms/-/ms-2.1.3.tgz 494ms (cache miss)
411 timing reifyNode:node_modules/ms Completed in 554ms
412 http fetch GET 200 https://registry.npmjs.org/setprototypeof/-/setprototypeof-1.2.0.tgz 498ms (cache miss)
413 timing reifyNode:node_modules/setprototypeof Completed in 554ms
414 http fetch GET 200 https://registry.npmjs.org/ipaddr.js/-/ipaddr.js-1.9.1.tgz 501ms (cache miss)
415 timing reifyNode:node_modules/ipaddr.js Completed in 555ms
416 http fetch GET 200 https://registry.npmjs.org/merge-descriptors/-/merge-descriptors-2.0.0.tgz 489ms (cache miss)
417 timing reifyNode:node_modules/merge-descriptors Completed in 556ms
418 http fetch GET 200 https://registry.npmjs.org/hasown/-/hasown-2.0.4.tgz 518ms (cache miss)
419 http fetch GET 200 https://registry.npmjs.org/unpipe/-/unpipe-1.0.0.tgz 513ms (cache miss)
420 timing reifyNode:node_modules/unpipe Completed in 565ms
421 http fetch GET 200 https://registry.npmjs.org/safer-buffer/-/safer-buffer-2.1.2.tgz 510ms (cache miss)
422 http fetch GET 200 https://registry.npmjs.org/wrappy/-/wrappy-1.0.2.tgz 512ms (cache miss)
423 timing reifyNode:node_modules/wrappy Completed in 565ms
424 http fetch GET 200 https://registry.npmjs.org/mime-types/-/mime-types-3.0.2.tgz 500ms (cache miss)
425 timing reifyNode:node_modules/mime-types Completed in 566ms
426 http fetch GET 200 https://registry.npmjs.org/cookie-signature/-/cookie-signature-1.2.2.tgz 496ms (cache miss)
427 timing reifyNode:node_modules/cookie-signature Completed in 566ms
428 http fetch GET 200 https://registry.npmjs.org/function-bind/-/function-bind-1.1.2.tgz 529ms (cache miss)
429 http fetch GET 200 https://registry.npmjs.org/side-channel-list/-/side-channel-list-1.0.1.tgz 527ms (cache miss)
430 http fetch GET 200 https://registry.npmjs.org/forwarded/-/forwarded-0.2.0.tgz 524ms (cache miss)
431 timing reifyNode:node_modules/forwarded Completed in 577ms
432 http fetch GET 200 https://registry.npmjs.org/ee-first/-/ee-first-1.1.1.tgz 523ms (cache miss)
433 timing reifyNode:node_modules/ee-first Completed in 577ms
434 timing reifyNode:node_modules/safer-buffer Completed in 578ms
435 http fetch GET 200 https://registry.npmjs.org/statuses/-/statuses-2.0.2.tgz 516ms (cache miss)
436 timing reifyNode:node_modules/statuses Completed in 578ms
437 http fetch GET 200 https://registry.npmjs.org/send/-/send-1.2.1.tgz 515ms (cache miss)
438 timing reifyNode:node_modules/send Completed in 577ms
439 http fetch GET 200 https://registry.npmjs.org/bytes/-/bytes-3.1.2.tgz 518ms (cache miss)
440 timing reifyNode:node_modules/bytes Completed in 579ms
441 http fetch GET 200 https://registry.npmjs.org/negotiator/-/negotiator-1.0.0.tgz 519ms (cache miss)
442 http fetch GET 200 https://registry.npmjs.org/on-finished/-/on-finished-2.4.1.tgz 513ms (cache miss)
443 timing reifyNode:node_modules/on-finished Completed in 579ms
444 http fetch GET 200 https://registry.npmjs.org/etag/-/etag-1.8.1.tgz 512ms (cache miss)
445 timing reifyNode:node_modules/etag Completed in 580ms
446 http fetch GET 200 https://registry.npmjs.org/content-type/-/content-type-2.0.0.tgz 503ms (cache miss)
447 timing reifyNode:node_modules/gopd Completed in 585ms
448 http fetch GET 200 https://registry.npmjs.org/get-proto/-/get-proto-1.0.1.tgz 539ms (cache miss)
449 timing reifyNode:node_modules/es-define-property Completed in 586ms
450 http fetch GET 200 https://registry.npmjs.org/router/-/router-2.2.0.tgz 523ms (cache miss)
451 http fetch GET 200 https://registry.npmjs.org/http-errors/-/http-errors-2.0.1.tgz 519ms (cache miss)
452 timing reifyNode:node_modules/http-errors Completed in 586ms
453 http fetch GET 200 https://registry.npmjs.org/proxy-addr/-/proxy-addr-2.0.7.tgz 523ms (cache miss)
454 timing reifyNode:node_modules/proxy-addr Completed in 587ms
455 http fetch GET 200 https://registry.npmjs.org/encodeurl/-/encodeurl-2.0.0.tgz 518ms (cache miss)
456 timing reifyNode:node_modules/encodeurl Completed in 587ms
457 http fetch GET 200 https://registry.npmjs.org/range-parser/-/range-parser-1.3.0.tgz 526ms (cache miss)
458 timing reifyNode:node_modules/range-parser Completed in 589ms
459 http fetch GET 200 https://registry.npmjs.org/content-type/-/content-type-1.0.5.tgz 518ms (cache miss)
460 timing reifyNode:node_modules/content-type Completed in 588ms
461 http fetch GET 200 https://registry.npmjs.org/cors/-/cors-2.8.6.tgz 513ms (cache miss)
462 timing reifyNode:node_modules/cors Completed in 587ms
463 timing reifyNode:node_modules/body-parser/node_modules/content-type Completed in 588ms
464 http fetch GET 200 https://registry.npmjs.org/serve-static/-/serve-static-2.2.1.tgz 529ms (cache miss)
465 timing reifyNode:node_modules/serve-static Completed in 592ms
466 timing reifyNode:node_modules/hasown Completed in 595ms
467 http fetch GET 200 https://registry.npmjs.org/side-channel-map/-/side-channel-map-1.0.1.tgz 546ms (cache miss)
468 http fetch GET 200 https://registry.npmjs.org/side-channel-weakmap/-/side-channel-weakmap-1.0.2.tgz 546ms (cache miss)
469 timing reifyNode:node_modules/negotiator Completed in 595ms
470 http fetch GET 200 https://registry.npmjs.org/finalhandler/-/finalhandler-2.1.1.tgz 527ms (cache miss)
471 timing reifyNode:node_modules/finalhandler Completed in 595ms
472 http fetch GET 200 https://registry.npmjs.org/fresh/-/fresh-2.0.0.tgz 528ms (cache miss)
473 timing reifyNode:node_modules/fresh Completed in 595ms
474 http fetch GET 200 https://registry.npmjs.org/escape-html/-/escape-html-1.0.3.tgz 526ms (cache miss)
475 timing reifyNode:node_modules/escape-html Completed in 595ms
476 http fetch GET 200 https://registry.npmjs.org/object-assign/-/object-assign-4.1.1.tgz 522ms (cache miss)
477 timing reifyNode:node_modules/object-assign Completed in 593ms
478 http fetch GET 200 https://registry.npmjs.org/accepts/-/accepts-2.0.0.tgz 524ms (cache miss)
479 timing reifyNode:node_modules/function-bind Completed in 601ms
480 timing reifyNode:node_modules/side-channel-map Completed in 601ms
481 timing reifyNode:node_modules/side-channel-list Completed in 602ms
482 timing reifyNode:node_modules/router Completed in 600ms
483 http fetch GET 200 https://registry.npmjs.org/parseurl/-/parseurl-1.3.3.tgz 536ms (cache miss)
484 timing reifyNode:node_modules/parseurl Completed in 601ms
485 http fetch GET 200 https://registry.npmjs.org/depd/-/depd-2.0.0.tgz 531ms (cache miss)
486 timing reifyNode:node_modules/depd Completed in 601ms
487 http fetch GET 200 https://registry.npmjs.org/vary/-/vary-1.1.2.tgz 529ms (cache miss)
488 timing reifyNode:node_modules/vary Completed in 599ms
489 http fetch GET 200 https://registry.npmjs.org/content-type/-/content-type-2.0.0.tgz 525ms (cache miss)
490 timing reifyNode:node_modules/type-is/node_modules/content-type Completed in 603ms
491 timing reifyNode:node_modules/accepts Completed in 600ms
492 http fetch GET 200 https://registry.npmjs.org/dunder-proto/-/dunder-proto-1.0.1.tgz 562ms (cache miss)
493 timing reifyNode:node_modules/dunder-proto Completed in 607ms
494 timing reifyNode:node_modules/get-proto Completed in 607ms
495 http fetch GET 200 https://registry.npmjs.org/call-bound/-/call-bound-1.0.4.tgz 558ms (cache miss)
496 timing reifyNode:node_modules/call-bound Completed in 607ms
497 http fetch GET 200 https://registry.npmjs.org/raw-body/-/raw-body-3.0.2.tgz 547ms (cache miss)
498 timing reifyNode:node_modules/raw-body Completed in 607ms
499 http fetch GET 200 https://registry.npmjs.org/type-is/-/type-is-2.1.0.tgz 546ms (cache miss)
500 timing reifyNode:node_modules/type-is Completed in 608ms
501 http fetch GET 200 https://registry.npmjs.org/debug/-/debug-4.4.3.tgz 537ms (cache miss)
502 timing reifyNode:node_modules/debug Completed in 607ms
503 http fetch GET 200 https://registry.npmjs.org/cookie/-/cookie-0.7.2.tgz 536ms (cache miss)
504 timing reifyNode:node_modules/cookie Completed in 607ms
505 timing reifyNode:node_modules/side-channel-weakmap Completed in 612ms
506 http fetch GET 200 https://registry.npmjs.org/has-symbols/-/has-symbols-1.1.0.tgz 566ms (cache miss)
507 http fetch GET 200 https://registry.npmjs.org/content-disposition/-/content-disposition-1.1.0.tgz 541ms (cache miss)
508 timing reifyNode:node_modules/content-disposition Completed in 610ms
509 http fetch GET 200 https://registry.npmjs.org/es-object-atoms/-/es-object-atoms-1.1.2.tgz 569ms (cache miss)
510 timing reifyNode:node_modules/has-symbols Completed in 622ms
511 http fetch GET 200 https://registry.npmjs.org/body-parser/-/body-parser-2.3.0.tgz 548ms (cache miss)
512 http fetch GET 200 https://registry.npmjs.org/call-bind-apply-helpers/-/call-bind-apply-helpers-1.0.2.tgz 575ms (cache miss)
513 timing reifyNode:node_modules/es-object-atoms Completed in 624ms
514 http fetch GET 200 https://registry.npmjs.org/es-errors/-/es-errors-1.3.0.tgz 572ms (cache miss)
515 http fetch GET 200 https://registry.npmjs.org/side-channel/-/side-channel-1.1.1.tgz 570ms (cache miss)
516 timing reifyNode:node_modules/side-channel Completed in 623ms
517 http fetch GET 200 https://registry.npmjs.org/get-intrinsic/-/get-intrinsic-1.3.0.tgz 577ms (cache miss)
518 timing reifyNode:node_modules/get-intrinsic Completed in 626ms
519 timing reifyNode:node_modules/body-parser Completed in 622ms
520 http fetch GET 200 https://registry.npmjs.org/path-to-regexp/-/path-to-regexp-8.4.2.tgz 577ms (cache miss)
521 timing reifyNode:node_modules/path-to-regexp Completed in 628ms
522 timing reifyNode:node_modules/call-bind-apply-helpers Completed in 630ms
523 timing reifyNode:node_modules/es-errors Completed in 629ms
524 http fetch GET 200 https://registry.npmjs.org/express/-/express-5.2.1.tgz 555ms (cache miss)
525 timing reifyNode:node_modules/express Completed in 626ms
526 http fetch GET 200 https://registry.npmjs.org/mime-db/-/mime-db-1.54.0.tgz 581ms (cache miss)
527 timing reifyNode:node_modules/mime-db Completed in 635ms
528 http fetch GET 200 https://registry.npmjs.org/math-intrinsics/-/math-intrinsics-1.1.0.tgz 600ms (cache miss)
529 timing reifyNode:node_modules/math-intrinsics Completed in 648ms
530 http fetch GET 200 https://registry.npmjs.org/object-inspect/-/object-inspect-1.13.4.tgz 604ms (cache miss)
531 timing reifyNode:node_modules/object-inspect Completed in 655ms
532 http fetch GET 200 https://registry.npmjs.org/qs/-/qs-6.15.3.tgz 591ms (cache miss)
533 timing reifyNode:node_modules/qs Completed in 655ms
534 http fetch GET 200 https://registry.npmjs.org/iconv-lite/-/iconv-lite-0.7.3.tgz 603ms (cache miss)
535 timing reifyNode:node_modules/iconv-lite Completed in 665ms
536 timing reify:unpack Completed in 669ms
537 timing reify:unretire Completed in 0ms
538 timing build:queue Completed in 6ms
539 timing build:deps Completed in 6ms
540 timing build Completed in 7ms
541 timing reify:build Completed in 8ms
542 timing reify:trash Completed in 0ms
543 timing reify:save Completed in 33ms
544 timing reify Completed in 1582ms
545 silly ADD node_modules/media-typer
546 silly ADD node_modules/dunder-proto
547 silly ADD node_modules/math-intrinsics
548 silly ADD node_modules/hasown
549 silly ADD node_modules/has-symbols
550 silly ADD node_modules/gopd
551 silly ADD node_modules/get-proto
552 silly ADD node_modules/es-object-atoms
553 silly ADD node_modules/function-bind
554 silly ADD node_modules/call-bind-apply-helpers
555 silly ADD node_modules/get-intrinsic
556 silly ADD node_modules/call-bound
557 silly ADD node_modules/side-channel-weakmap
558 silly ADD node_modules/side-channel-map
559 silly ADD node_modules/side-channel-list
560 silly ADD node_modules/object-inspect
561 silly ADD node_modules/es-errors
562 silly ADD node_modules/path-to-regexp
563 silly ADD node_modules/is-promise
564 silly ADD node_modules/unpipe
565 silly ADD node_modules/side-channel
566 silly ADD node_modules/es-define-property
567 silly ADD node_modules/ipaddr.js
568 silly ADD node_modules/forwarded
569 silly ADD node_modules/wrappy
570 silly ADD node_modules/ee-first
571 silly ADD node_modules/mime-db
572 silly ADD node_modules/safer-buffer
573 silly ADD node_modules/toidentifier
574 silly ADD node_modules/setprototypeof
575 silly ADD node_modules/inherits
576 silly ADD node_modules/ms
577 silly ADD node_modules/raw-body
578 silly ADD node_modules/iconv-lite
579 silly ADD node_modules/bytes
580 silly ADD node_modules/negotiator
581 silly ADD node_modules/type-is
582 silly ADD node_modules/type-is/node_modules/content-type
583 silly ADD node_modules/statuses
584 silly ADD node_modules/serve-static
585 silly ADD node_modules/send
586 silly ADD node_modules/router
587 silly ADD node_modules/range-parser
588 silly ADD node_modules/qs
589 silly ADD node_modules/proxy-addr
590 silly ADD node_modules/parseurl
591 silly ADD node_modules/once
592 silly ADD node_modules/on-finished
593 silly ADD node_modules/mime-types
594 silly ADD node_modules/merge-descriptors
595 silly ADD node_modules/http-errors
596 silly ADD node_modules/fresh
597 silly ADD node_modules/finalhandler
598 silly ADD node_modules/etag
599 silly ADD node_modules/escape-html
600 silly ADD node_modules/encodeurl
601 silly ADD node_modules/depd
602 silly ADD node_modules/debug
603 silly ADD node_modules/cookie-signature
604 silly ADD node_modules/cookie
605 silly ADD node_modules/content-type
606 silly ADD node_modules/content-disposition
607 silly ADD node_modules/body-parser
608 silly ADD node_modules/body-parser/node_modules/content-type
609 silly ADD node_modules/accepts
610 silly ADD node_modules/vary
611 silly ADD node_modules/object-assign
612 silly ADD node_modules/express
613 silly ADD node_modules/cors
614 timing command:install Completed in 1592ms
615 verbose exit 0
616 timing npm Completed in 1654ms
617 info ok
